// Jest Snapshot v1, https://goo.gl/fbAQLP

exports[`Rating component should render Rating component with props 1`] = `ShallowWrapper {}`;

exports[`Rating component should render Rating component without props 1`] = `ShallowWrapper {}`;
